1. Display the information in one table (either table is fine).

sqlite> SELECT * FROM students;
1|Henry|2.6|3
2|Charles|3.5|2
3|Sam|1.2|1
4|Christina|4.0|2
5|Chris|1.4|1
6|Joanna|3.2|3
7|Kevin|3.7|3
8|Darla|2.3|2
9|Abbey|1.9|1

2. Update an item that meets some condition (you can choose a condition that makes sense).

sqlite> UPDATE teachers SET subject="Culinary Arts" WHERE name="Mrs. Frazzini";
sqlite> SELECT * FROM teachers;
1|Mr. Johnson|false|Chemistry
2|Mrs. Frazzini|false|Culinary Arts
3|Mr. Smith|true|Psychology

3. Display the information in both tables using one query.

sqlite> SELECT * FROM students, teachers WHERE students.teacher_id = teachers.id
   ...> ;
1|Henry|2.6|3|3|Mr. Smith|true|Psychology
2|Charles|3.5|2|2|Mrs. Frazzini|false|Culinary Arts
3|Sam|1.2|1|1|Mr. Johnson|false|Chemistry
4|Christina|4.0|2|2|Mrs. Frazzini|false|Culinary Arts
5|Chris|1.4|1|1|Mr. Johnson|false|Chemistry
6|Joanna|3.2|3|3|Mr. Smith|true|Psychology
7|Kevin|3.7|3|3|Mr. Smith|true|Psychology
8|Darla|2.3|2|2|Mrs. Frazzini|false|Culinary Arts
9|Abbey|1.9|1|1|Mr. Johnson|false|Chemistry

4. Display a narrower selection of columns (fewer columns than all of them, in other words) from both tables using one query.

sqlite> SELECT students.name, students.gpa, teachers.name, teachers.subject FROM students JOIN teachers ON students.teacher_id = teachers.id;
Henry|2.6|Mr. Smith|Psychology
Charles|3.5|Mrs. Frazzini|Culinary Arts
Sam|1.2|Mr. Johnson|Chemistry
Christina|4.0|Mrs. Frazzini|Culinary Arts
Chris|1.4|Mr. Johnson|Chemistry
Joanna|3.2|Mr. Smith|Psychology
Kevin|3.7|Mr. Smith|Psychology
Darla|2.3|Mrs. Frazzini|Culinary Arts
Abbey|1.9|Mr. Johnson|Chemistry

5. Delete an item that meets some condition (you can choose a condition that makes sense).

sqlite> DELETE FROM students WHERE name = "Darla";
sqlite> SELECT * FROM students;
1|Henry|2.6|3
2|Charles|3.5|2
3|Sam|1.2|1
4|Christina|4.0|2
5|Chris|1.4|1
6|Joanna|3.2|3
7|Kevin|3.7|3
9|Abbey|1.9|1


RELEASE 3:
INNER JOIN:  The INNER JOIN returns all rows from both tables where there is a match. If there are rows in first table that do not have matches in second table, those rows will not be listed.

sqlite> SELECT students.name, teachers.name FROM students INNER JOIN teachers ON students.teacher_id = teachers.id;
Henry|Mr. Smith
Charles|Mrs. Frazzini
Sam|Mr. Johnson
Christina|Mrs. Frazzini
Chris|Mr. Johnson
Joanna|Mr. Smith
Kevin|Mr. Smith
Abbey|Mr. Johnson

LEFT JOIN:The LEFT JOIN returns all the rows from the first table, even if there are no matches in the second table. If there are rows in first table that do not have matches in second table, those rows also will be listed.

sqlite> SELECT students.name, teachers.name FROM students LEFT JOIN teachers ON students.teacher_id = teachers.id;
Henry|Mr. Smith
Charles|Mrs. Frazzini
Sam|Mr. Johnson
Christina|Mrs. Frazzini
Chris|Mr. Johnson
Joanna|Mr. Smith
Kevin|Mr. Smith
Abbey|Mr. Johnson

RIGHT JOIN (not supported on command line): The RIGHT JOIN returns all the rows from the second table, even if there are no matches in the first table. If there had been any rows in second table that did not have matches in first table, those rows also would have been listed.

sqlite> SELECT students.name, teachers.name FROM students RIGHT JOIN teachers ON students.teacher_id = teachers.id;
Error: RIGHT and FULL OUTER JOINs are not currently supported

FULL OUTER JOIN (not supported on command line): 

The FULL OUTER JOIN keyword returns all rows from the left table (table1) and from the right table (table2).

The FULL OUTER JOIN keyword combines the result of both LEFT and RIGHT joins.


** good source: http://www.w3schools.com/sql/sql_join_full.asp **




